// Jest Snapshot v1, https://goo.gl/fbAQLP

exports[`Rating snake spinner render without crash 1`] = `
<div>
  Rating
</div>
`;
