// Jest Snapshot v1, https://goo.gl/fbAQLP

exports[`Swipe snake spinner render without crash 1`] = `
<div>
  This is Swipe component.
</div>
`;
