// Jest Snapshot v1, https://goo.gl/fbAQLP

exports[`Calendar snake spinner render without crash 1`] = `
<div>
  Calendar
</div>
`;
