// Jest Snapshot v1, https://goo.gl/fbAQLP

exports[`Swiper Swiper component render without crash 1`] = `
<div>
  This is Swiper component.
</div>
`;
