// Jest Snapshot v1, https://goo.gl/fbAQLP

exports[`RangeButton RangeBtn render without crash 1`] = `
<div
  className="ugli-range-btn ugli-range-middle"
  style={Object {}}
/>
`;
